[03:11:09] [ServerMain/INFO]: [bootstrap] Running Java 25 (OpenJDK 64-Bit Server VM 25.0.4+7-1-24.04-Ubuntu; Ubuntu null) on Linux 6.8.0-1052-azure (amd64)
[03:11:09] [ServerMain/INFO]: [bootstrap] Loading Paper 26.2-121-main@a2a42c5 (2026-08-29T11:32:25Z) for Minecraft 26.2
[03:11:09] [ServerMain/INFO]: [PluginInitializerManager] Initializing plugins...
[03:11:10] [ServerMain/INFO]: [PluginInitializerManager] Initialized 3 plugins
[03:11:10] [ServerMain/INFO]: [PluginInitializerManager] Bukkit plugins (3):
 - ConditionalEvents (4.79.2), Fahare (1.4.0), TAB (6.1.2)
[03:11:13] [DataConverter MCTypeRegistry init thread/INFO]: [ca.spottedleaf.dataconverter.minecraft.datatypes.MCTypeRegistry] Initialising converters for DataConverter...
[03:11:14] [ServerMain/INFO]: Environment: Environment[sessionHost=https://sessionserver.mojang.com, servicesHost=https://api.minecraftservices.com, profilesHost=https://api.mojang.com, name=PROD]
[03:11:14] [DataConverter MCTypeRegistry init thread/INFO]: [ca.spottedleaf.dataconverter.minecraft.datatypes.MCTypeRegistry] Finished initialising converters for DataConverter in 638.1ms
[03:11:16] [ServerMain/INFO]: Loaded 1585 recipes
[03:11:16] [ServerMain/INFO]: Loaded 1688 advancements
[03:11:17] [Server thread/INFO]: Starting minecraft server version 26.2
[03:11:17] [Server thread/INFO]: Loading properties
[03:11:17] [Server thread/INFO]: This server is running Paper version 26.2-121-main@a2a42c5 (2026-08-29T11:32:25Z) (Implementing API version 26.2.build.121-stable)
[03:11:18] [Server thread/INFO]: [spark] This server bundles the spark profiler. For more information please visit https://docs.papermc.io/paper/profiling
[03:11:18] [Server thread/INFO]: Server Ping Player Sample Count: 12
[03:11:18] [Server thread/INFO]: Using 4 threads for Netty based IO
[03:11:19] [Server thread/INFO]: [MoonriseCommon] Paper is using 1 worker threads, 1 I/O threads
[03:11:19] [Server thread/INFO]: Default game type: SURVIVAL
[03:11:19] [Server thread/INFO]: Generating keypair
[03:11:19] [Server thread/INFO]: Starting Minecraft server on *:25565
[03:11:19] [Server thread/INFO]: Paper: Using libdeflate (Linux x86_64) compression from Velocity.
[03:11:19] [Server thread/INFO]: Paper: Using OpenSSL 3.x.x (Linux x86_64) cipher from Velocity.
[03:11:19] [Server thread/INFO]: [ConditionalEvents] Loading server plugin ConditionalEvents v4.79.2
[03:11:19] [Server thread/INFO]: [Fahare] Loading server plugin Fahare v1.4.0
[03:11:19] [Server thread/INFO]: [TAB] Loading server plugin TAB v6.1.2
[03:11:19] [Server thread/WARN]: **** SERVER IS RUNNING IN OFFLINE/INSECURE MODE!
[03:11:19] [Server thread/WARN]: The server will make no attempt to authenticate usernames. Beware.
[03:11:19] [Server thread/WARN]: While this makes the game possible to play without internet access, it also opens up the ability for hackers to connect with any username they choose.
[03:11:19] [Server thread/WARN]: To change this, set "online-mode" to "true" in the server.properties file.
[03:11:19] [Server thread/INFO]: Preparing level "world"
[03:11:20] [Server thread/INFO]: Loading 0 persistent chunks for level 'minecraft:overworld'...
[03:11:20] [Server thread/INFO]: Preparing spawn area: 100%
[03:11:20] [Server thread/INFO]: Prepared spawn area in 3 ms
[03:11:20] [Server thread/INFO]: Loading 0 persistent chunks for level 'minecraft:the_nether'...
[03:11:20] [Server thread/INFO]: Preparing spawn area: 100%
[03:11:20] [Server thread/INFO]: Prepared spawn area in 1 ms
[03:11:20] [Server thread/INFO]: Loading 0 persistent chunks for level 'minecraft:the_end'...
[03:11:20] [Server thread/INFO]: Preparing spawn area: 100%
[03:11:20] [Server thread/INFO]: Prepared spawn area in 3 ms
[03:11:20] [Server thread/INFO]: Done preparing level "world" (0.424s)
[03:11:20] [Server thread/INFO]: [ConditionalEvents] Enabling ConditionalEvents v4.79.2
[03:11:20] [Server thread/INFO]: [ConditionalEvents] Has been enabled! Version: 4.79.2
[03:11:20] [Server thread/INFO]: [ConditionalEvents] Thanks for using my plugin!   ~Ajneb97
[03:11:20] [Server thread/INFO]: [Fahare] Enabling Fahare v1.4.0
[03:11:20] [Server thread/INFO]: [Fahare] fhr.log.info.missing-seed
[03:11:20] [Server thread/WARN]: [Fahare] fhr.log.info.difficulty
[03:11:20] [Server thread/INFO]: Loading 0 persistent chunks for level 'fahare:limbo'...
[03:11:20] [Server thread/INFO]: Prepared spawn area in 0 ms
[03:11:20] [Server thread/INFO]: [Fahare] Initial seed for fake overworld is 5844304422616262125
[03:11:20] [Server thread/INFO]: Loading 0 persistent chunks for level 'fahare:overworld'...
[03:11:20] [Server thread/INFO]: Prepared spawn area in 1 ms
[03:11:20] [Server thread/INFO]: [TAB] Enabling TAB v6.1.2
[03:11:20] [Server thread/INFO]: [TAB] Found NMS implementation: me.neznamy.tab.platforms.bukkit.paper_26_2.NMSImplementationProvider
[03:11:21] [Server thread/INFO]: [TAB] Enabled in 288ms
[03:11:21] [Server thread/INFO]: [spark] Starting background profiler...
[03:11:22] [Server thread/INFO]: Saving chunks for level 'ServerLevel[world]'/minecraft:overworld
[03:11:22] [Server thread/INFO]: Saving chunks for level 'ServerLevel[world]'/minecraft:the_nether
[03:11:22] [Server thread/INFO]: Saving chunks for level 'ServerLevel[world]'/minecraft:the_end
[03:11:22] [Server thread/INFO]: Saving chunks for level 'ServerLevel[world]'/fahare:limbo
[03:11:22] [Server thread/INFO]: Saving chunks for level 'ServerLevel[world]'/fahare:overworld
[03:11:22] [Server thread/INFO]: ThreadedAnvilChunkStorage (world): All chunks are saved
[03:11:22] [Server thread/INFO]: ThreadedAnvilChunkStorage (DIM-1): All chunks are saved
[03:11:22] [Server thread/INFO]: ThreadedAnvilChunkStorage (DIM1): All chunks are saved
[03:11:22] [Server thread/INFO]: ThreadedAnvilChunkStorage (limbo): All chunks are saved
[03:11:22] [Server thread/INFO]: ThreadedAnvilChunkStorage (world): All chunks are saved
[03:11:22] [Server thread/INFO]: ThreadedAnvilChunkStorage: All dimensions are saved
[03:11:22] [Server thread/INFO]: Running delayed init tasks
[03:11:22] [Server thread/INFO]: Done (14.960s)! For help, type "help"
[03:15:33] [User Authenticator #0/INFO]: UUID of player D3snitaSech is 27a0e9ed-675f-3312-9be1-d866e0fa904f
[03:15:34] [User Authenticator #1/INFO]: UUID of player titomh1012 is fb16e1a5-8504-3b8d-ae72-dcdc1421db37
[03:15:35] [Server thread/INFO]: D3snitaSech joined the game
[03:15:35] [Server thread/INFO]: D3snitaSech[/100.109.137.4:56234] logged in with entity id 20 at ([fahare:overworld]0.0, 68.0, 0.0)
[03:15:36] [Server thread/INFO]: titomh1012 joined the game
[03:15:36] [Server thread/INFO]: titomh1012[/100.106.72.57:64884] logged in with entity id 158 at ([fahare:overworld]0.0, 68.0, 0.0)
[03:15:43] [User Authenticator #2/INFO]: UUID of player RectoDePato is 18ca88df-f812-3118-b423-b418e813b1bf
[03:15:45] [Server thread/INFO]: RectoDePato joined the game
[03:15:45] [Server thread/INFO]: RectoDePato[/100.116.87.40:53332] logged in with entity id 336 at ([fahare:overworld]0.0, 68.0, 0.0)
[03:16:22] [Server thread/INFO]: RectoDePato was doomed to fall by titomh1012
[03:16:23] [Server thread/INFO]: [RectoDePato: Showing new subtitle for 3 players]
[03:16:24] [Server thread/INFO]: [RectoDePato: Showing new subtitle for 3 players]
[03:16:25] [Server thread/INFO]: [RectoDePato: Showing new subtitle for 3 players]
[03:16:26] [Server thread/INFO]: [RectoDePato: Showing new subtitle for 3 players]
[03:16:27] [Server thread/INFO]: [RectoDePato: Showing new subtitle for 3 players]
[03:16:29] [Server thread/INFO]: Regenerating worlds...
[03:16:29] [Server thread/INFO]: [Fahare] Seed for world_nether is -8626930932770972603
[03:16:29] [Server thread/INFO]: [ChunkHolderManager] Waiting 60s for chunk system to halt for world 'minecraft:the_nether'
[03:16:29] [Server thread/INFO]: [ChunkHolderManager] Halted chunk system for world 'minecraft:the_nether'
[03:16:29] [Server thread/INFO]: [ChunkHolderManager] Waiting 60s for chunk I/O to halt for world 'minecraft:the_nether'
[03:16:29] [Server thread/INFO]: [ChunkHolderManager] Halted I/O scheduler for world 'minecraft:the_nether'
[03:16:29] [Server thread/INFO]: [Fahare] Deleting folder ./world/dimensions/minecraft/the_nether
[03:16:29] [Server thread/INFO]: Selecting spawn point for level 'minecraft:the_nether'...
[03:16:30] [Server thread/INFO]: Loading 0 persistent chunks for level 'minecraft:the_nether'...
[03:16:30] [Server thread/INFO]: Preparing spawn area: 100%
[03:16:30] [Server thread/INFO]: Prepared spawn area in 679 ms
[03:16:30] [Server thread/INFO]: Regenerated world_nether
[03:16:30] [Server thread/INFO]: [Fahare] Seed for world_the_end is 5723245666803201465
[03:16:30] [Server thread/INFO]: [ChunkHolderManager] Waiting 60s for chunk system to halt for world 'minecraft:the_end'
[03:16:30] [Server thread/INFO]: [ChunkHolderManager] Halted chunk system for world 'minecraft:the_end'
[03:16:30] [Server thread/INFO]: [ChunkHolderManager] Waiting 60s for chunk I/O to halt for world 'minecraft:the_end'
[03:16:30] [Server thread/INFO]: [ChunkHolderManager] Halted I/O scheduler for world 'minecraft:the_end'
[03:16:30] [Server thread/INFO]: [Fahare] Deleting folder ./world/dimensions/minecraft/the_end
[03:16:30] [Server thread/INFO]: Selecting spawn point for level 'minecraft:the_end'...
[03:16:30] [Server thread/INFO]: Loading 0 persistent chunks for level 'minecraft:the_end'...
[03:16:30] [Server thread/INFO]: Preparing spawn area: 100%
[03:16:30] [Server thread/INFO]: Prepared spawn area in 251 ms
[03:16:30] [Server thread/INFO]: Regenerated world_the_end
[03:16:30] [Server thread/INFO]: [Fahare] Seed for fahare_overworld is -982794320743378366
[03:16:30] [Server thread/INFO]: [ChunkHolderManager] Waiting 60s for chunk system to halt for world 'fahare:overworld'
[03:16:30] [Server thread/INFO]: [ChunkHolderManager] Halted chunk system for world 'fahare:overworld'
[03:16:30] [Server thread/INFO]: [ChunkHolderManager] Waiting 60s for chunk I/O to halt for world 'fahare:overworld'
[03:16:30] [Server thread/INFO]: [ChunkHolderManager] Halted I/O scheduler for world 'fahare:overworld'
[03:16:30] [Server thread/INFO]: [Fahare] Deleting folder ./world/dimensions/fahare/overworld
[03:16:30] [Server thread/INFO]: Selecting spawn point for level 'fahare:overworld'...
[03:16:37] [Server thread/INFO]: Loading 0 persistent chunks for level 'fahare:overworld'...
[03:16:37] [Server thread/INFO]: Preparing spawn area: 100%
[03:16:37] [Server thread/INFO]: Prepared spawn area in 6790 ms
[03:16:37] [Server thread/INFO]: Regenerated fahare_overworld
[03:16:55] [Server thread/INFO]: titomh1012 issued server command: /ce reload
[03:17:01] [Server thread/INFO]: titomh1012 issued server command: /kill D3snitaSech
[03:17:01] [Server thread/INFO]: D3snitaSech was killed
[03:17:01] [Server thread/INFO]: [titomh1012: Killed D3snitaSech]
[03:17:01] [Server thread/INFO]: [D3snitaSech: Changed title display times for 3 players]
[03:17:01] [Server thread/INFO]: [D3snitaSech: Showing new title for 3 players]
[03:17:01] [Server thread/INFO]: [D3snitaSech: Showing new subtitle for 3 players]
[03:17:01] [Server thread/INFO]: Played sound minecraft:custom.muerte to 3 players
[03:17:01] [Server thread/INFO]: Played sound minecraft:custom.muerte to 3 players
[03:17:01] [Server thread/INFO]: Played sound minecraft:custom.muerte to 3 players
[03:17:02] [Server thread/INFO]: [D3snitaSech: Showing new subtitle for 3 players]
[03:17:03] [Server thread/INFO]: [D3snitaSech: Showing new subtitle for 3 players]
[03:17:04] [Server thread/INFO]: [D3snitaSech: Showing new subtitle for 3 players]
[03:17:05] [Server thread/INFO]: [D3snitaSech: Showing new subtitle for 3 players]
[03:17:06] [Server thread/INFO]: [D3snitaSech: Showing new subtitle for 3 players]
[03:17:08] [Server thread/INFO]: Regenerating worlds...
[03:17:08] [Server thread/INFO]: [Fahare] Seed for the_nether is 3500597873884300685
[03:17:08] [Server thread/INFO]: [ChunkHolderManager] Waiting 60s for chunk system to halt for world 'minecraft:the_nether'
[03:17:08] [Server thread/INFO]: [ChunkHolderManager] Halted chunk system for world 'minecraft:the_nether'
[03:17:08] [Server thread/INFO]: [ChunkHolderManager] Waiting 60s for chunk I/O to halt for world 'minecraft:the_nether'
[03:17:08] [Server thread/INFO]: [ChunkHolderManager] Halted I/O scheduler for world 'minecraft:the_nether'
[03:17:08] [Server thread/INFO]: [Fahare] Deleting folder ./world/dimensions/minecraft/the_nether
[03:17:08] [Server thread/INFO]: Selecting spawn point for level 'minecraft:the_nether'...
[03:17:08] [Server thread/INFO]: Loading 0 persistent chunks for level 'minecraft:the_nether'...
[03:17:08] [Server thread/INFO]: Preparing spawn area: 100%
[03:17:08] [Server thread/INFO]: Prepared spawn area in 463 ms
[03:17:08] [Server thread/INFO]: Regenerated the_nether
[03:17:08] [Server thread/INFO]: [Fahare] Seed for the_end is -9527219064107341
[03:17:08] [Server thread/INFO]: [ChunkHolderManager] Waiting 60s for chunk system to halt for world 'minecraft:the_end'
[03:17:08] [Server thread/INFO]: [ChunkHolderManager] Halted chunk system for world 'minecraft:the_end'
[03:17:08] [Server thread/INFO]: [ChunkHolderManager] Waiting 60s for chunk I/O to halt for world 'minecraft:the_end'
[03:17:08] [Server thread/INFO]: [ChunkHolderManager] Halted I/O scheduler for world 'minecraft:the_end'
[03:17:08] [Server thread/INFO]: [Fahare] Deleting folder ./world/dimensions/minecraft/the_end
[03:17:08] [Server thread/INFO]: Selecting spawn point for level 'minecraft:the_end'...
[03:17:08] [Server thread/INFO]: Loading 0 persistent chunks for level 'minecraft:the_end'...
[03:17:08] [Server thread/INFO]: Preparing spawn area: 100%
[03:17:08] [Server thread/INFO]: Prepared spawn area in 167 ms
[03:17:08] [Server thread/INFO]: Regenerated the_end
[03:17:08] [Server thread/INFO]: [Fahare] Seed for fahare_overworld is 7425054516663711952
[03:17:08] [Server thread/INFO]: [ChunkHolderManager] Waiting 60s for chunk system to halt for world 'fahare:overworld'
[03:17:08] [Server thread/INFO]: [ChunkHolderManager] Halted chunk system for world 'fahare:overworld'
[03:17:08] [Server thread/INFO]: [ChunkHolderManager] Waiting 60s for chunk I/O to halt for world 'fahare:overworld'
[03:17:08] [Server thread/INFO]: [ChunkHolderManager] Halted I/O scheduler for world 'fahare:overworld'
[03:17:08] [Server thread/INFO]: [Fahare] Deleting folder ./world/dimensions/fahare/overworld
[03:17:09] [Server thread/INFO]: Selecting spawn point for level 'fahare:overworld'...
[03:17:17] [Server thread/INFO]: Loading 0 persistent chunks for level 'fahare:overworld'...
[03:17:17] [Server thread/INFO]: Preparing spawn area: 100%
[03:17:17] [Server thread/WARN]: D3snitaSech moved too quickly! 0.01085095140413825,4.687940984705065,9.431621960649764
[03:17:17] [Server thread/INFO]: Prepared spawn area in 8046 ms
[03:17:17] [Server thread/INFO]: Regenerated fahare_overworld
[03:17:52] [Server thread/INFO]: titomh1012 issued server command: /kill titomh1012
[03:17:52] [Server thread/INFO]: titomh1012 was killed
[03:17:52] [Server thread/INFO]: [titomh1012: Killed titomh1012]
[03:17:52] [Server thread/INFO]: [titomh1012: Changed title display times for 3 players]
[03:17:52] [Server thread/INFO]: [titomh1012: Showing new title for 3 players]
[03:17:52] [Server thread/INFO]: [titomh1012: Showing new subtitle for 3 players]
[03:17:52] [Server thread/INFO]: Played sound minecraft:custom.muerte to titomh1012
[03:17:52] [Server thread/INFO]: Played sound minecraft:custom.muerte to 2 players
[03:17:52] [Server thread/INFO]: Played sound minecraft:custom.muerte to 2 players
[03:17:53] [Server thread/INFO]: [titomh1012: Showing new subtitle for 3 players]
[03:17:54] [Server thread/INFO]: [titomh1012: Showing new subtitle for 3 players]
[03:17:55] [Server thread/INFO]: [titomh1012: Showing new subtitle for 3 players]
[03:17:56] [Server thread/INFO]: [titomh1012: Showing new subtitle for 3 players]
[03:17:57] [Server thread/INFO]: [titomh1012: Showing new subtitle for 3 players]
[03:17:59] [Server thread/INFO]: Regenerating worlds...
[03:17:59] [Server thread/INFO]: [Fahare] Seed for the_nether is -7324387585644126144
[03:17:59] [Server thread/INFO]: [ChunkHolderManager] Waiting 60s for chunk system to halt for world 'minecraft:the_nether'
[03:17:59] [Server thread/INFO]: [ChunkHolderManager] Halted chunk system for world 'minecraft:the_nether'
[03:17:59] [Server thread/INFO]: [ChunkHolderManager] Waiting 60s for chunk I/O to halt for world 'minecraft:the_nether'
[03:17:59] [Server thread/INFO]: [ChunkHolderManager] Halted I/O scheduler for world 'minecraft:the_nether'
[03:17:59] [Server thread/INFO]: [Fahare] Deleting folder ./world/dimensions/minecraft/the_nether
[03:17:59] [Server thread/INFO]: Selecting spawn point for level 'minecraft:the_nether'...
[03:18:00] [Server thread/INFO]: Loading 0 persistent chunks for level 'minecraft:the_nether'...
[03:18:00] [Server thread/INFO]: Preparing spawn area: 100%
[03:18:00] [Server thread/INFO]: Prepared spawn area in 549 ms
[03:18:00] [Server thread/INFO]: Regenerated the_nether
[03:18:00] [Server thread/INFO]: [Fahare] Seed for the_end is 8935391848599269770
[03:18:00] [Server thread/INFO]: [ChunkHolderManager] Waiting 60s for chunk system to halt for world 'minecraft:the_end'
[03:18:00] [Server thread/INFO]: [ChunkHolderManager] Halted chunk system for world 'minecraft:the_end'
[03:18:00] [Server thread/INFO]: [ChunkHolderManager] Waiting 60s for chunk I/O to halt for world 'minecraft:the_end'
[03:18:00] [Server thread/INFO]: [ChunkHolderManager] Halted I/O scheduler for world 'minecraft:the_end'
[03:18:00] [Server thread/INFO]: [Fahare] Deleting folder ./world/dimensions/minecraft/the_end
[03:18:00] [Server thread/INFO]: Selecting spawn point for level 'minecraft:the_end'...
[03:18:00] [Server thread/INFO]: Loading 0 persistent chunks for level 'minecraft:the_end'...
[03:18:00] [Server thread/INFO]: Preparing spawn area: 100%
[03:18:00] [Server thread/INFO]: Prepared spawn area in 152 ms
[03:18:00] [Server thread/INFO]: Regenerated the_end
[03:18:00] [Server thread/INFO]: [Fahare] Seed for fahare_overworld is 7827040819550409272
[03:18:00] [Server thread/INFO]: [ChunkHolderManager] Waiting 60s for chunk system to halt for world 'fahare:overworld'
[03:18:00] [Server thread/INFO]: [ChunkHolderManager] Halted chunk system for world 'fahare:overworld'
[03:18:00] [Server thread/INFO]: [ChunkHolderManager] Waiting 60s for chunk I/O to halt for world 'fahare:overworld'
[03:18:00] [Server thread/INFO]: [ChunkHolderManager] Halted I/O scheduler for world 'fahare:overworld'
[03:18:00] [Server thread/INFO]: [Fahare] Deleting folder ./world/dimensions/fahare/overworld
[03:18:00] [Server thread/INFO]: Selecting spawn point for level 'fahare:overworld'...
[03:18:07] [Server thread/INFO]: Loading 0 persistent chunks for level 'fahare:overworld'...
[03:18:07] [Server thread/INFO]: Preparing spawn area: 100%
[03:18:07] [Server thread/WARN]: RectoDePato moved too quickly! -4.078755872785479,1.1175929378491531,12.906112002017084
[03:18:07] [Server thread/INFO]: Prepared spawn area in 7083 ms
[03:18:07] [Server thread/INFO]: Regenerated fahare_overworld
[03:18:41] [Server thread/INFO]: [RectoDePato: Changed title display times for 3 players]
[03:18:41] [Server thread/INFO]: [RectoDePato: Showing new title for 3 players]
[03:18:41] [Server thread/INFO]: [RectoDePato: Showing new subtitle for 3 players]
[03:18:42] [Server thread/INFO]: Played sound minecraft:custom.muerte to 3 players
[03:18:42] [Server thread/INFO]: Played sound minecraft:custom.muerte to 3 players
[03:18:42] [Server thread/INFO]: Played sound minecraft:custom.muerte to 3 players
[03:18:42] [Server thread/INFO]: RectoDePato tried to swim in lava
[03:18:46] [Server thread/INFO]: [D3snitaSech: Changed title display times for 3 players]
[03:18:46] [Server thread/INFO]: [D3snitaSech: Showing new title for 3 players]
[03:18:46] [Server thread/INFO]: [D3snitaSech: Showing new subtitle for 3 players]
[03:18:46] [Server thread/INFO]: Played sound minecraft:custom.muerte to 2 players
[03:18:46] [Server thread/INFO]: Played sound minecraft:custom.muerte to 2 players
[03:18:46] [Server thread/INFO]: Played sound minecraft:custom.muerte to RectoDePato
[03:18:46] [Server thread/INFO]: D3snitaSech was shot by Skeleton
[03:18:48] [Server thread/INFO]: Regenerating worlds...
[03:18:48] [Server thread/INFO]: [Fahare] Seed for the_nether is -3415580095706590919
[03:18:48] [Server thread/INFO]: [ChunkHolderManager] Waiting 60s for chunk system to halt for world 'minecraft:the_nether'
[03:18:48] [Server thread/INFO]: [ChunkHolderManager] Halted chunk system for world 'minecraft:the_nether'
[03:18:48] [Server thread/INFO]: [ChunkHolderManager] Waiting 60s for chunk I/O to halt for world 'minecraft:the_nether'
[03:18:48] [Server thread/INFO]: [ChunkHolderManager] Halted I/O scheduler for world 'minecraft:the_nether'
[03:18:48] [Server thread/INFO]: [Fahare] Deleting folder ./world/dimensions/minecraft/the_nether
[03:18:48] [Server thread/INFO]: Selecting spawn point for level 'minecraft:the_nether'...
[03:18:48] [Server thread/INFO]: Loading 0 persistent chunks for level 'minecraft:the_nether'...
[03:18:48] [Server thread/INFO]: Preparing spawn area: 100%
[03:18:48] [Server thread/INFO]: Prepared spawn area in 377 ms
[03:18:48] [Server thread/INFO]: Regenerated the_nether
[03:18:48] [Server thread/INFO]: [Fahare] Seed for the_end is -6350720159254770818
[03:18:48] [Server thread/INFO]: [ChunkHolderManager] Waiting 60s for chunk system to halt for world 'minecraft:the_end'
[03:18:48] [Server thread/INFO]: [ChunkHolderManager] Halted chunk system for world 'minecraft:the_end'
[03:18:48] [Server thread/INFO]: [ChunkHolderManager] Waiting 60s for chunk I/O to halt for world 'minecraft:the_end'
[03:18:48] [Server thread/INFO]: [ChunkHolderManager] Halted I/O scheduler for world 'minecraft:the_end'
[03:18:48] [Server thread/INFO]: [Fahare] Deleting folder ./world/dimensions/minecraft/the_end
[03:18:48] [Server thread/INFO]: Selecting spawn point for level 'minecraft:the_end'...
[03:18:49] [Server thread/INFO]: Loading 0 persistent chunks for level 'minecraft:the_end'...
[03:18:49] [Server thread/INFO]: Preparing spawn area: 100%
[03:18:49] [Server thread/INFO]: Prepared spawn area in 127 ms
[03:18:49] [Server thread/INFO]: Regenerated the_end
[03:18:49] [Server thread/INFO]: [Fahare] Seed for fahare_overworld is -7988896026867092763
[03:18:49] [Server thread/INFO]: [ChunkHolderManager] Waiting 60s for chunk system to halt for world 'fahare:overworld'
[03:18:49] [Server thread/INFO]: [ChunkHolderManager] Halted chunk system for world 'fahare:overworld'
[03:18:49] [Server thread/INFO]: [ChunkHolderManager] Waiting 60s for chunk I/O to halt for world 'fahare:overworld'
[03:18:49] [Server thread/INFO]: [ChunkHolderManager] Halted I/O scheduler for world 'fahare:overworld'
[03:18:49] [Server thread/INFO]: [Fahare] Deleting folder ./world/dimensions/fahare/overworld
[03:18:49] [Server thread/INFO]: Selecting spawn point for level 'fahare:overworld'...
[03:18:55] [Server thread/INFO]: Loading 0 persistent chunks for level 'fahare:overworld'...
[03:18:55] [Server thread/INFO]: Preparing spawn area: 100%
[03:18:55] [Server thread/WARN]: D3snitaSech moved too quickly! 0.0,0.0,10.108550191534752
[03:18:55] [Server thread/INFO]: Prepared spawn area in 6564 ms
[03:18:55] [Server thread/INFO]: Regenerated fahare_overworld
[03:19:00] [Server thread/INFO]: Regenerating worlds...
[03:19:00] [Server thread/INFO]: [Fahare] Seed for the_nether is 7858859195056269505
[03:19:00] [Server thread/INFO]: [ChunkHolderManager] Waiting 60s for chunk system to halt for world 'minecraft:the_nether'
[03:19:00] [Server thread/INFO]: [ChunkHolderManager] Halted chunk system for world 'minecraft:the_nether'
[03:19:00] [Server thread/INFO]: [ChunkHolderManager] Waiting 60s for chunk I/O to halt for world 'minecraft:the_nether'
[03:19:00] [Server thread/INFO]: [ChunkHolderManager] Halted I/O scheduler for world 'minecraft:the_nether'
[03:19:00] [Server thread/INFO]: [Fahare] Deleting folder ./world/dimensions/minecraft/the_nether
[03:19:00] [Server thread/INFO]: Selecting spawn point for level 'minecraft:the_nether'...
[03:19:00] [Server thread/INFO]: Loading 0 persistent chunks for level 'minecraft:the_nether'...
[03:19:00] [Server thread/INFO]: Preparing spawn area: 100%
[03:19:00] [Server thread/INFO]: Prepared spawn area in 329 ms
[03:19:00] [Server thread/INFO]: Regenerated the_nether
[03:19:00] [Server thread/INFO]: [Fahare] Seed for the_end is -6741564248355999118
[03:19:00] [Server thread/INFO]: [ChunkHolderManager] Waiting 60s for chunk system to halt for world 'minecraft:the_end'
[03:19:00] [Server thread/INFO]: [ChunkHolderManager] Halted chunk system for world 'minecraft:the_end'
[03:19:00] [Server thread/INFO]: [ChunkHolderManager] Waiting 60s for chunk I/O to halt for world 'minecraft:the_end'
[03:19:00] [Server thread/INFO]: [ChunkHolderManager] Halted I/O scheduler for world 'minecraft:the_end'
[03:19:00] [Server thread/INFO]: [Fahare] Deleting folder ./world/dimensions/minecraft/the_end
[03:19:00] [Server thread/INFO]: Selecting spawn point for level 'minecraft:the_end'...
[03:19:00] [Server thread/INFO]: Loading 0 persistent chunks for level 'minecraft:the_end'...
[03:19:00] [Server thread/INFO]: Preparing spawn area: 100%
[03:19:00] [Server thread/INFO]: Prepared spawn area in 115 ms
[03:19:00] [Server thread/INFO]: Regenerated the_end
[03:19:00] [Server thread/INFO]: [Fahare] Seed for fahare_overworld is 5574650681367381487
[03:19:01] [Server thread/INFO]: [ChunkHolderManager] Waiting 60s for chunk system to halt for world 'fahare:overworld'
[03:19:01] [Server thread/INFO]: [ChunkHolderManager] Halted chunk system for world 'fahare:overworld'
[03:19:01] [Server thread/INFO]: [ChunkHolderManager] Waiting 60s for chunk I/O to halt for world 'fahare:overworld'
[03:19:01] [Server thread/INFO]: [ChunkHolderManager] Halted I/O scheduler for world 'fahare:overworld'
[03:19:01] [Server thread/INFO]: [Fahare] Deleting folder ./world/dimensions/fahare/overworld
[03:19:01] [Server thread/INFO]: Selecting spawn point for level 'fahare:overworld'...
[03:19:08] [Server thread/INFO]: Loading 0 persistent chunks for level 'fahare:overworld'...
[03:19:08] [Server thread/INFO]: Preparing spawn area: 100%
[03:19:08] [Server thread/INFO]: Prepared spawn area in 7629 ms
[03:19:08] [Server thread/INFO]: Regenerated fahare_overworld
[03:20:03] [Server thread/INFO]: [titomh1012: Changed title display times for 3 players]
[03:20:03] [Server thread/INFO]: [titomh1012: Showing new title for 3 players]
[03:20:03] [Server thread/INFO]: [titomh1012: Showing new subtitle for 3 players]
[03:20:03] [Server thread/INFO]: Played sound minecraft:custom.muerte to 3 players
[03:20:03] [Server thread/INFO]: Played sound minecraft:custom.muerte to 3 players
[03:20:03] [Server thread/INFO]: Played sound minecraft:custom.muerte to 3 players
[03:20:03] [Server thread/INFO]: titomh1012 was slain by D3snitaSech
[03:20:10] [Server thread/INFO]: Regenerating worlds...
[03:20:10] [Server thread/INFO]: [Fahare] Seed for the_nether is -9011357966694378188
[03:20:10] [Server thread/INFO]: [ChunkHolderManager] Waiting 60s for chunk system to halt for world 'minecraft:the_nether'
[03:20:10] [Server thread/INFO]: [ChunkHolderManager] Halted chunk system for world 'minecraft:the_nether'
[03:20:10] [Server thread/INFO]: [ChunkHolderManager] Waiting 60s for chunk I/O to halt for world 'minecraft:the_nether'
[03:20:10] [Server thread/INFO]: [ChunkHolderManager] Halted I/O scheduler for world 'minecraft:the_nether'
[03:20:10] [Server thread/INFO]: [Fahare] Deleting folder ./world/dimensions/minecraft/the_nether
[03:20:10] [Server thread/INFO]: Selecting spawn point for level 'minecraft:the_nether'...
[03:20:10] [Server thread/INFO]: Loading 0 persistent chunks for level 'minecraft:the_nether'...
[03:20:10] [Server thread/INFO]: Preparing spawn area: 100%
[03:20:10] [Server thread/INFO]: Prepared spawn area in 416 ms
[03:20:10] [Server thread/INFO]: Regenerated the_nether
[03:20:10] [Server thread/INFO]: [Fahare] Seed for the_end is -7219934927290324246
[03:20:10] [Server thread/INFO]: [ChunkHolderManager] Waiting 60s for chunk system to halt for world 'minecraft:the_end'
[03:20:10] [Server thread/INFO]: [ChunkHolderManager] Halted chunk system for world 'minecraft:the_end'
[03:20:10] [Server thread/INFO]: [ChunkHolderManager] Waiting 60s for chunk I/O to halt for world 'minecraft:the_end'
[03:20:10] [Server thread/INFO]: [ChunkHolderManager] Halted I/O scheduler for world 'minecraft:the_end'
[03:20:10] [Server thread/INFO]: [Fahare] Deleting folder ./world/dimensions/minecraft/the_end
[03:20:10] [Server thread/INFO]: Selecting spawn point for level 'minecraft:the_end'...
[03:20:10] [Server thread/INFO]: Loading 0 persistent chunks for level 'minecraft:the_end'...
[03:20:10] [Server thread/INFO]: Preparing spawn area: 100%
[03:20:10] [Server thread/INFO]: Prepared spawn area in 136 ms
[03:20:10] [Server thread/INFO]: Regenerated the_end
[03:20:10] [Server thread/INFO]: [Fahare] Seed for fahare_overworld is 7547127120740444104
[03:20:10] [Server thread/INFO]: [ChunkHolderManager] Waiting 60s for chunk system to halt for world 'fahare:overworld'
[03:20:10] [Server thread/INFO]: [ChunkHolderManager] Halted chunk system for world 'fahare:overworld'
[03:20:10] [Server thread/INFO]: [ChunkHolderManager] Waiting 60s for chunk I/O to halt for world 'fahare:overworld'
[03:20:10] [Server thread/INFO]: [ChunkHolderManager] Halted I/O scheduler for world 'fahare:overworld'
[03:20:10] [Server thread/INFO]: [Fahare] Deleting folder ./world/dimensions/fahare/overworld
[03:20:10] [Server thread/INFO]: Selecting spawn point for level 'fahare:overworld'...
[03:20:17] [Server thread/INFO]: Loading 0 persistent chunks for level 'fahare:overworld'...
[03:20:17] [Server thread/INFO]: Preparing spawn area: 100%
[03:20:17] [Server thread/INFO]: Prepared spawn area in 6864 ms
[03:20:17] [Server thread/INFO]: Regenerated fahare_overworld
[03:21:04] [Server thread/INFO]: titomh1012 issued server command: /ce reload
[03:22:27] [Server thread/INFO]: D3snitaSech has made the advancement [Stone Age]
[03:22:44] [Server thread/INFO]: D3snitaSech has made the advancement [Getting an Upgrade]
[03:23:08] [Server thread/INFO]: titomh1012 has made the advancement [Stone Age]
[03:23:25] [Server thread/INFO]: titomh1012 has made the advancement [Getting an Upgrade]
[03:24:51] [Server thread/INFO]: RectoDePato has made the advancement [Stone Age]
[03:25:20] [Server thread/INFO]: RectoDePato has made the advancement [Getting an Upgrade]
[03:25:24] [Async Chat Thread - #0/INFO]: [Not Secure] <D3snitaSech> lapiz
[03:25:33] [Async Chat Thread - #0/INFO]: [Not Secure] <RectoDePato> lapeace
[03:25:40] [Async Chat Thread - #0/INFO]: [Not Secure] <D3snitaSech> lapiz
[03:27:03] [Server thread/INFO]: D3snitaSech has made the advancement [Monster Hunter]
[03:27:33] [Async Chat Thread - #2/INFO]: [Not Secure] <D3snitaSech> salbabidas: juan 1
[03:31:06] [Server thread/INFO]: D3snitaSech has made the advancement [Acquire Hardware]
[03:31:39] [Server thread/INFO]: titomh1012 has made the advancement [Acquire Hardware]
[03:31:49] [Server thread/INFO]: D3snitaSech has made the advancement [Isn't It Iron Pick]
[03:32:03] [Server thread/INFO]: RectoDePato has made the advancement [Acquire Hardware]
[03:32:54] [Server thread/INFO]: titomh1012 has made the advancement [Suit Up]
[03:33:30] [Server thread/INFO]: titomh1012 has made the advancement [Isn't It Iron Pick]
[03:34:31] [Server thread/INFO]: D3snitaSech has made the advancement [Not Today, Thank You]
[03:34:43] [Server thread/INFO]: RectoDePato has made the advancement [Suit Up]
[03:35:26] [Server thread/INFO]: RectoDePato has made the advancement [Monster Hunter]
[03:37:29] [Server thread/INFO]: [RectoDePato: Changed title display times for 3 players]
[03:37:29] [Server thread/INFO]: [RectoDePato: Showing new title for 3 players]
[03:37:29] [Server thread/INFO]: [RectoDePato: Showing new subtitle for 3 players]
[03:37:29] [Server thread/INFO]: Played sound minecraft:custom.muerte to RectoDePato
[03:37:29] [Server thread/INFO]: Played sound minecraft:custom.muerte to D3snitaSech
[03:37:29] [Server thread/INFO]: Played sound minecraft:custom.muerte to titomh1012
[03:37:30] [Server thread/INFO]: RectoDePato was shot by Skeleton
[03:37:30] [Server thread/INFO]: RectoDePato lost connection: Disconnected
[03:37:30] [Server thread/INFO]: RectoDePato left the game
[03:37:34] [User Authenticator #3/INFO]: UUID of player RectoDePato is 18ca88df-f812-3118-b423-b418e813b1bf
[03:37:35] [Server thread/INFO]: RectoDePato joined the game
[03:37:35] [Server thread/INFO]: RectoDePato[/100.116.87.40:53585] logged in with entity id 5951 at ([fahare:overworld]0.0, 77.0, 0.0)
[03:37:36] [Server thread/INFO]: Regenerating worlds...
[03:37:36] [Server thread/INFO]: [Fahare] Seed for the_nether is -8391349892950405252
[03:37:36] [Server thread/INFO]: [ChunkHolderManager] Waiting 60s for chunk system to halt for world 'minecraft:the_nether'
[03:37:36] [Server thread/INFO]: [ChunkHolderManager] Halted chunk system for world 'minecraft:the_nether'
[03:37:36] [Server thread/INFO]: [ChunkHolderManager] Waiting 60s for chunk I/O to halt for world 'minecraft:the_nether'
[03:37:36] [Server thread/INFO]: [ChunkHolderManager] Halted I/O scheduler for world 'minecraft:the_nether'
[03:37:36] [Server thread/INFO]: [Fahare] Deleting folder ./world/dimensions/minecraft/the_nether
[03:37:36] [Server thread/INFO]: Selecting spawn point for level 'minecraft:the_nether'...
[03:37:36] [Server thread/INFO]: Loading 0 persistent chunks for level 'minecraft:the_nether'...
[03:37:36] [Server thread/INFO]: Preparing spawn area: 100%
[03:37:36] [Server thread/INFO]: Prepared spawn area in 427 ms
[03:37:36] [Server thread/INFO]: Regenerated the_nether
[03:37:36] [Server thread/INFO]: [Fahare] Seed for the_end is 1953381563673994529
[03:37:36] [Server thread/INFO]: [ChunkHolderManager] Waiting 60s for chunk system to halt for world 'minecraft:the_end'
[03:37:36] [Server thread/INFO]: [ChunkHolderManager] Halted chunk system for world 'minecraft:the_end'
[03:37:36] [Server thread/INFO]: [ChunkHolderManager] Waiting 60s for chunk I/O to halt for world 'minecraft:the_end'
[03:37:36] [Server thread/INFO]: [ChunkHolderManager] Halted I/O scheduler for world 'minecraft:the_end'
[03:37:36] [Server thread/INFO]: [Fahare] Deleting folder ./world/dimensions/minecraft/the_end
[03:37:36] [Server thread/INFO]: Selecting spawn point for level 'minecraft:the_end'...
[03:37:37] [Server thread/INFO]: Loading 0 persistent chunks for level 'minecraft:the_end'...
[03:37:37] [Server thread/INFO]: Preparing spawn area: 100%
[03:37:37] [Server thread/INFO]: Prepared spawn area in 121 ms
[03:37:37] [Server thread/INFO]: Regenerated the_end
[03:37:37] [Server thread/INFO]: [Fahare] Seed for fahare_overworld is 2322058640042437256
[03:37:37] [Server thread/INFO]: [ChunkHolderManager] Waiting 60s for chunk system to halt for world 'fahare:overworld'
[03:37:37] [Server thread/INFO]: [ChunkHolderManager] Halted chunk system for world 'fahare:overworld'
[03:37:37] [Server thread/INFO]: [ChunkHolderManager] Waiting 60s for chunk I/O to halt for world 'fahare:overworld'
[03:37:37] [Server thread/INFO]: [ChunkHolderManager] Halted I/O scheduler for world 'fahare:overworld'
[03:37:37] [Server thread/INFO]: [Fahare] Deleting folder ./world/dimensions/fahare/overworld
[03:37:37] [Server thread/INFO]: Selecting spawn point for level 'fahare:overworld'...
[03:37:43] [Server thread/INFO]: Loading 0 persistent chunks for level 'fahare:overworld'...
[03:37:43] [Server thread/INFO]: Preparing spawn area: 100%
[03:37:43] [Server thread/WARN]: D3snitaSech moved too quickly! 9.784747530734588,0.0,40.244046477430906
[03:37:43] [Server thread/INFO]: Prepared spawn area in 6756 ms
[03:37:43] [Server thread/INFO]: Regenerated fahare_overworld
[03:39:12] [Server thread/INFO]: D3snitaSech has made the advancement [Stone Age]
[03:39:18] [Server thread/INFO]: D3snitaSech has made the advancement [Getting an Upgrade]
[03:39:44] [Server thread/INFO]: RectoDePato has made the advancement [Stone Age]
[03:40:21] [Server thread/INFO]: RectoDePato has made the advancement [Getting an Upgrade]
[03:40:29] [Server thread/INFO]: titomh1012 has made the advancement [Stone Age]
[03:40:41] [Server thread/INFO]: titomh1012 has made the advancement [Getting an Upgrade]
[03:44:39] [Server thread/INFO]: titomh1012 has made the advancement [Acquire Hardware]
[03:44:49] [Server thread/INFO]: D3snitaSech has made the advancement [Acquire Hardware]
[03:46:00] [Server thread/INFO]: D3snitaSech has made the advancement [Isn't It Iron Pick]
[03:46:11] [Server thread/INFO]: titomh1012 has made the advancement [Isn't It Iron Pick]
[03:46:11] [Server thread/INFO]: D3snitaSech has made the advancement [Suit Up]
[03:46:23] [Server thread/INFO]: RectoDePato has made the advancement [Acquire Hardware]
[03:49:42] [Server thread/INFO]: RectoDePato has made the advancement [Sweet Dreams]
[03:49:56] [Server thread/INFO]: RectoDePato has made the advancement [Isn't It Iron Pick]
[03:49:57] [Server thread/INFO]: titomh1012 has made the advancement [Sweet Dreams]
[03:50:08] [Server thread/INFO]: D3snitaSech has made the advancement [Sweet Dreams]
[03:51:20] [Server thread/INFO]: D3snitaSech has made the advancement [Monster Hunter]
[03:53:45] [Server thread/INFO]: titomh1012 has made the advancement [Suit Up]
[03:56:00] [Server thread/INFO]: titomh1012 has made the advancement [Monster Hunter]
[03:56:09] [Async Chat Thread - #4/INFO]: [Not Secure] <D3snitaSech> RectoDePato intento nadar en lava
[03:56:26] [Server thread/INFO]: RectoDePato has made the advancement [Not Today, Thank You]
[03:56:35] [Server thread/INFO]: D3snitaSech has made the advancement [Not Today, Thank You]
[03:58:31] [Server thread/INFO]: [titomh1012: Changed title display times for 3 players]
[03:58:31] [Server thread/INFO]: [titomh1012: Showing new title for 3 players]
[03:58:31] [Server thread/INFO]: [titomh1012: Showing new subtitle for 3 players]
[03:58:31] [Server thread/INFO]: Played sound minecraft:custom.muerte to D3snitaSech
[03:58:31] [Server thread/INFO]: Played sound minecraft:custom.muerte to titomh1012
[03:58:31] [Server thread/INFO]: Played sound minecraft:custom.muerte to RectoDePato
[03:58:31] [Server thread/INFO]: titomh1012 fell from a high place
[03:58:37] [Server thread/INFO]: Regenerating worlds...
[03:58:37] [Server thread/INFO]: [Fahare] Seed for the_nether is 692535886005189345
[03:58:37] [Server thread/INFO]: [ChunkHolderManager] Waiting 60s for chunk system to halt for world 'minecraft:the_nether'
[03:58:37] [Server thread/INFO]: [ChunkHolderManager] Halted chunk system for world 'minecraft:the_nether'
[03:58:37] [Server thread/INFO]: [ChunkHolderManager] Waiting 60s for chunk I/O to halt for world 'minecraft:the_nether'
[03:58:37] [Server thread/INFO]: [ChunkHolderManager] Halted I/O scheduler for world 'minecraft:the_nether'
[03:58:37] [Server thread/INFO]: [Fahare] Deleting folder ./world/dimensions/minecraft/the_nether
[03:58:37] [Server thread/INFO]: Selecting spawn point for level 'minecraft:the_nether'...
[03:58:38] [Server thread/INFO]: Loading 0 persistent chunks for level 'minecraft:the_nether'...
[03:58:38] [Server thread/INFO]: Preparing spawn area: 100%
[03:58:38] [Server thread/INFO]: Prepared spawn area in 414 ms
[03:58:38] [Server thread/INFO]: Regenerated the_nether
[03:58:38] [Server thread/INFO]: [Fahare] Seed for the_end is 6779596947382911107
[03:58:38] [Server thread/INFO]: [ChunkHolderManager] Waiting 60s for chunk system to halt for world 'minecraft:the_end'
[03:58:38] [Server thread/INFO]: [ChunkHolderManager] Halted chunk system for world 'minecraft:the_end'
[03:58:38] [Server thread/INFO]: [ChunkHolderManager] Waiting 60s for chunk I/O to halt for world 'minecraft:the_end'
[03:58:38] [Server thread/INFO]: [ChunkHolderManager] Halted I/O scheduler for world 'minecraft:the_end'
[03:58:38] [Server thread/INFO]: [Fahare] Deleting folder ./world/dimensions/minecraft/the_end
[03:58:38] [Server thread/INFO]: Selecting spawn point for level 'minecraft:the_end'...
[03:58:38] [Server thread/INFO]: Loading 0 persistent chunks for level 'minecraft:the_end'...
[03:58:38] [Server thread/INFO]: Preparing spawn area: 100%
[03:58:38] [Server thread/INFO]: Prepared spawn area in 101 ms
[03:58:38] [Server thread/INFO]: Regenerated the_end
[03:58:38] [Server thread/INFO]: [Fahare] Seed for fahare_overworld is 4928928234051059433
[03:58:38] [Server thread/INFO]: [ChunkHolderManager] Waiting 60s for chunk system to halt for world 'fahare:overworld'
[03:58:38] [Server thread/INFO]: [ChunkHolderManager] Halted chunk system for world 'fahare:overworld'
[03:58:38] [Server thread/INFO]: [ChunkHolderManager] Waiting 60s for chunk I/O to halt for world 'fahare:overworld'
[03:58:38] [Server thread/INFO]: [ChunkHolderManager] Halted I/O scheduler for world 'fahare:overworld'
[03:58:38] [Server thread/INFO]: [Fahare] Deleting folder ./world/dimensions/fahare/overworld
[03:58:38] [Server thread/INFO]: Selecting spawn point for level 'fahare:overworld'...
[03:58:45] [Server thread/INFO]: Loading 0 persistent chunks for level 'fahare:overworld'...
[03:58:45] [Server thread/INFO]: Preparing spawn area: 100%
[03:58:45] [Server thread/INFO]: Prepared spawn area in 6771 ms
[03:58:45] [Server thread/INFO]: Regenerated fahare_overworld
[03:59:54] [Async Chat Thread - #6/INFO]: [Not Secure] <D3snitaSech> nomegodas
[04:01:45] [Server thread/INFO]: titomh1012 has made the advancement [Stone Age]
[04:02:02] [Server thread/INFO]: RectoDePato has made the advancement [Stone Age]
[04:02:18] [Server thread/INFO]: RectoDePato has made the advancement [Getting an Upgrade]
[04:02:29] [Server thread/INFO]: titomh1012 has made the advancement [Getting an Upgrade]
[04:04:32] [Server thread/INFO]: D3snitaSech has made the advancement [Stone Age]
[04:05:25] [Async Chat Thread - #8/INFO]: [Not Secure] <D3snitaSech> white bitch
[04:06:44] [Server thread/INFO]: D3snitaSech has made the advancement [Getting an Upgrade]
[04:07:59] [Server thread/INFO]: titomh1012 has made the advancement [Acquire Hardware]
[04:09:18] [Server thread/WARN]: D3snitaSech moved too quickly! -4.252874891545577,-2.0,8.996829265946971
[04:10:59] [Server thread/WARN]: D3snitaSech moved too quickly! -12.865609788832659,-2.3248651029678626,1.7819996399843063
[04:11:50] [Server thread/INFO]: D3snitaSech has made the advancement [Monster Hunter]
[04:12:52] [Server thread/INFO]: titomh1012 has made the advancement [Suit Up]
[04:13:07] [Server thread/INFO]: titomh1012 has made the advancement [Isn't It Iron Pick]
[04:13:27] [Server thread/WARN]: D3snitaSech moved too quickly! -10.36896630601428,5.829187091857705,4.402292363165557
[04:14:54] [Server thread/INFO]: titomh1012 has made the advancement [Diamonds!]
[04:15:23] [Server thread/INFO]: titomh1012 has made the advancement [Monster Hunter]
[04:17:06] [Server thread/INFO]: RectoDePato has made the advancement [Acquire Hardware]
[04:17:42] [Server thread/INFO]: RectoDePato has made the advancement [Isn't It Iron Pick]
[04:18:33] [Server thread/INFO]: RectoDePato has made the advancement [Monster Hunter]
[04:20:59] [Server thread/INFO]: D3snitaSech has made the advancement [Acquire Hardware]
[04:21:05] [Server thread/INFO]: D3snitaSech has made the advancement [Suit Up]
[04:21:06] [Server thread/INFO]: titomh1012 has made the advancement [Not Today, Thank You]
[04:21:43] [Server thread/INFO]: D3snitaSech has made the advancement [Isn't It Iron Pick]
[04:24:04] [Server thread/INFO]: RectoDePato has made the advancement [Suit Up]
[04:26:06] [Server thread/INFO]: D3snitaSech has made the advancement [Diamonds!]
[04:26:29] [Server thread/INFO]: RectoDePato has made the advancement [Not Today, Thank You]
[04:27:56] [Server thread/INFO]: [titomh1012: Changed title display times for 3 players]
[04:27:56] [Server thread/INFO]: [titomh1012: Showing new title for 3 players]
[04:27:56] [Server thread/INFO]: [titomh1012: Showing new subtitle for 3 players]
[04:27:56] [Server thread/INFO]: Played sound minecraft:custom.muerte to D3snitaSech
[04:27:56] [Server thread/INFO]: Played sound minecraft:custom.muerte to RectoDePato
[04:27:56] [Server thread/INFO]: Played sound minecraft:custom.muerte to titomh1012
[04:27:56] [Server thread/INFO]: titomh1012 was blown up by Creeper
[04:28:02] [Server thread/INFO]: Regenerating worlds...
[04:28:02] [Server thread/INFO]: [Fahare] Seed for the_nether is -8803670218344389343
[04:28:02] [Server thread/INFO]: [ChunkHolderManager] Waiting 60s for chunk system to halt for world 'minecraft:the_nether'
[04:28:02] [Server thread/INFO]: [ChunkHolderManager] Halted chunk system for world 'minecraft:the_nether'
[04:28:02] [Server thread/INFO]: [ChunkHolderManager] Waiting 60s for chunk I/O to halt for world 'minecraft:the_nether'
[04:28:02] [Server thread/INFO]: [ChunkHolderManager] Halted I/O scheduler for world 'minecraft:the_nether'
[04:28:02] [Server thread/INFO]: [Fahare] Deleting folder ./world/dimensions/minecraft/the_nether
[04:28:02] [Server thread/INFO]: Selecting spawn point for level 'minecraft:the_nether'...
[04:28:03] [Server thread/INFO]: Loading 0 persistent chunks for level 'minecraft:the_nether'...
[04:28:03] [Server thread/INFO]: Preparing spawn area: 100%
[04:28:03] [Server thread/INFO]: Prepared spawn area in 482 ms
[04:28:03] [Server thread/INFO]: Regenerated the_nether
[04:28:03] [Server thread/INFO]: [Fahare] Seed for the_end is 3057761490101119539
[04:28:03] [Server thread/INFO]: [ChunkHolderManager] Waiting 60s for chunk system to halt for world 'minecraft:the_end'
[04:28:03] [Server thread/INFO]: [ChunkHolderManager] Halted chunk system for world 'minecraft:the_end'
[04:28:03] [Server thread/INFO]: [ChunkHolderManager] Waiting 60s for chunk I/O to halt for world 'minecraft:the_end'
[04:28:03] [Server thread/INFO]: [ChunkHolderManager] Halted I/O scheduler for world 'minecraft:the_end'
[04:28:03] [Server thread/INFO]: [Fahare] Deleting folder ./world/dimensions/minecraft/the_end
[04:28:03] [Server thread/INFO]: Selecting spawn point for level 'minecraft:the_end'...
[04:28:03] [Server thread/INFO]: Loading 0 persistent chunks for level 'minecraft:the_end'...
[04:28:03] [Server thread/INFO]: Preparing spawn area: 100%
[04:28:03] [Server thread/INFO]: Prepared spawn area in 105 ms
[04:28:03] [Server thread/INFO]: Regenerated the_end
[04:28:03] [Server thread/INFO]: [Fahare] Seed for fahare_overworld is 6369441454815568978
[04:28:03] [Server thread/INFO]: [ChunkHolderManager] Waiting 60s for chunk system to halt for world 'fahare:overworld'
[04:28:03] [Server thread/INFO]: [ChunkHolderManager] Halted chunk system for world 'fahare:overworld'
[04:28:03] [Server thread/INFO]: [ChunkHolderManager] Waiting 60s for chunk I/O to halt for world 'fahare:overworld'
[04:28:03] [Server thread/INFO]: [ChunkHolderManager] Halted I/O scheduler for world 'fahare:overworld'
[04:28:03] [Server thread/INFO]: [Fahare] Deleting folder ./world/dimensions/fahare/overworld
[04:28:03] [Server thread/INFO]: Selecting spawn point for level 'fahare:overworld'...
[04:28:08] [spark-monitoring-1-thread-4/WARN]: [spark] Timed out waiting for world statistics
[04:28:10] [Server thread/INFO]: Loading 0 persistent chunks for level 'fahare:overworld'...
[04:28:10] [Server thread/INFO]: Preparing spawn area: 100%
[04:28:10] [Server thread/INFO]: Prepared spawn area in 7491 ms
[04:28:10] [Server thread/INFO]: Regenerated fahare_overworld
[04:30:17] [Server thread/INFO]: titomh1012 has made the advancement [Stone Age]
[04:30:47] [Server thread/INFO]: titomh1012 has made the advancement [Getting an Upgrade]
[04:31:18] [Server thread/INFO]: D3snitaSech lost connection: Disconnected
[04:31:18] [Server thread/INFO]: D3snitaSech left the game
[04:31:33] [User Authenticator #4/INFO]: UUID of player D3snitaSech is 27a0e9ed-675f-3312-9be1-d866e0fa904f
[04:31:35] [Server thread/INFO]: D3snitaSech joined the game
[04:31:35] [Server thread/INFO]: D3snitaSech[/100.109.137.4:57229] logged in with entity id 20390 at ([fahare:overworld]-34.44164964098843, 71.0, -81.8980446282039)
[04:32:45] [Server thread/INFO]: D3snitaSech has made the advancement [Stone Age]
[04:33:26] [Server thread/INFO]: D3snitaSech has made the advancement [Getting an Upgrade]
[04:33:40] [Server thread/INFO]: RectoDePato has made the advancement [Stone Age]
[04:34:28] [Server thread/INFO]: RectoDePato has made the advancement [Getting an Upgrade]
[04:35:15] [Server thread/INFO]: D3snitaSech has made the advancement [Monster Hunter]
[04:35:58] [Server thread/INFO]: titomh1012 has made the advancement [Acquire Hardware]
[04:39:54] [Server thread/INFO]: RectoDePato has made the advancement [Monster Hunter]
[04:39:59] [Server thread/INFO]: D3snitaSech has made the advancement [Acquire Hardware]
[04:40:24] [Server thread/INFO]: D3snitaSech has made the advancement [Isn't It Iron Pick]
[04:41:23] [Server thread/INFO]: D3snitaSech has made the advancement [Suit Up]
[04:43:05] [Server thread/INFO]: RectoDePato has made the advancement [Acquire Hardware]
[04:43:49] [Server thread/INFO]: RectoDePato has made the advancement [Suit Up]
[04:44:22] [Server thread/INFO]: RectoDePato has made the advancement [Isn't It Iron Pick]
[04:45:06] [Server thread/INFO]: [D3snitaSech: Changed title display times for 3 players]
[04:45:06] [Server thread/INFO]: [D3snitaSech: Showing new title for 3 players]
[04:45:06] [Server thread/INFO]: [D3snitaSech: Showing new subtitle for 3 players]
[04:45:06] [Server thread/INFO]: Played sound minecraft:custom.muerte to RectoDePato
[04:45:06] [Server thread/INFO]: Played sound minecraft:custom.muerte to titomh1012
[04:45:06] [Server thread/INFO]: Played sound minecraft:custom.muerte to D3snitaSech
[04:45:06] [Server thread/INFO]: D3snitaSech was shot by Skeleton
[04:45:08] [Async Chat Thread - #10/INFO]: [Not Secure] <D3snitaSech> look
[04:45:10] [Async Chat Thread - #11/INFO]: [Not Secure] <D3snitaSech> from where
[04:45:12] [Async Chat Thread - #11/INFO]: [Not Secure] <D3snitaSech> from where
[04:45:12] [Server thread/INFO]: Regenerating worlds...
[04:45:12] [Server thread/INFO]: [Fahare] Seed for the_nether is -5114111662282429218
[04:45:12] [Server thread/INFO]: [ChunkHolderManager] Waiting 60s for chunk system to halt for world 'minecraft:the_nether'
[04:45:12] [Server thread/INFO]: [ChunkHolderManager] Halted chunk system for world 'minecraft:the_nether'
[04:45:12] [Server thread/INFO]: [ChunkHolderManager] Waiting 60s for chunk I/O to halt for world 'minecraft:the_nether'
[04:45:12] [Server thread/INFO]: [ChunkHolderManager] Halted I/O scheduler for world 'minecraft:the_nether'
[04:45:12] [Server thread/INFO]: [Fahare] Deleting folder ./world/dimensions/minecraft/the_nether
[04:45:12] [Server thread/INFO]: Selecting spawn point for level 'minecraft:the_nether'...
[04:45:13] [Server thread/INFO]: Loading 0 persistent chunks for level 'minecraft:the_nether'...
[04:45:13] [Server thread/INFO]: Preparing spawn area: 100%
[04:45:13] [Server thread/INFO]: Prepared spawn area in 238 ms
[04:45:13] [Server thread/INFO]: Regenerated the_nether
[04:45:13] [Server thread/INFO]: [Fahare] Seed for the_end is -4466084743933491601
[04:45:13] [Server thread/INFO]: [ChunkHolderManager] Waiting 60s for chunk system to halt for world 'minecraft:the_end'
[04:45:13] [Server thread/INFO]: [ChunkHolderManager] Halted chunk system for world 'minecraft:the_end'
[04:45:13] [Server thread/INFO]: [ChunkHolderManager] Waiting 60s for chunk I/O to halt for world 'minecraft:the_end'
[04:45:13] [Server thread/INFO]: [ChunkHolderManager] Halted I/O scheduler for world 'minecraft:the_end'
[04:45:13] [Server thread/INFO]: [Fahare] Deleting folder ./world/dimensions/minecraft/the_end
[04:45:13] [Server thread/INFO]: Selecting spawn point for level 'minecraft:the_end'...
[04:45:13] [Server thread/INFO]: Loading 0 persistent chunks for level 'minecraft:the_end'...
[04:45:13] [Server thread/INFO]: Preparing spawn area: 100%
[04:45:13] [Server thread/INFO]: Prepared spawn area in 142 ms
[04:45:13] [Server thread/INFO]: Regenerated the_end
[04:45:13] [Server thread/INFO]: [Fahare] Seed for fahare_overworld is 6874105799558147978
[04:45:13] [Server thread/INFO]: [ChunkHolderManager] Waiting 60s for chunk system to halt for world 'fahare:overworld'
[04:45:13] [Server thread/INFO]: [ChunkHolderManager] Halted chunk system for world 'fahare:overworld'
[04:45:13] [Server thread/INFO]: [ChunkHolderManager] Waiting 60s for chunk I/O to halt for world 'fahare:overworld'
[04:45:13] [Server thread/INFO]: [ChunkHolderManager] Halted I/O scheduler for world 'fahare:overworld'
[04:45:13] [Server thread/INFO]: [Fahare] Deleting folder ./world/dimensions/fahare/overworld
[04:45:13] [Server thread/INFO]: Selecting spawn point for level 'fahare:overworld'...
[04:45:18] [spark-monitoring-1-thread-2/WARN]: [spark] Timed out waiting for world statistics
[04:45:19] [Server thread/INFO]: Loading 0 persistent chunks for level 'fahare:overworld'...
[04:45:19] [Server thread/INFO]: Preparing spawn area: 100%
[04:45:19] [Server thread/WARN]: D3snitaSech moved too quickly! 5.9382240216080255,2.4281688004867448,8.384497843678744
[04:45:19] [Server thread/INFO]: Prepared spawn area in 6423 ms
[04:45:19] [Server thread/INFO]: Regenerated fahare_overworld
[04:46:09] [Async Chat Thread - #11/INFO]: [Not Secure] <D3snitaSech> mmmxd
[04:46:13] [Server thread/INFO]: titomh1012 has made the advancement [Stone Age]
[04:46:33] [Server thread/INFO]: titomh1012 has made the advancement [Getting an Upgrade]
[04:49:33] [Server thread/INFO]: RectoDePato has made the advancement [Stone Age]
[04:49:58] [Server thread/INFO]: [titomh1012: Changed title display times for 3 players]
[04:49:58] [Server thread/INFO]: [titomh1012: Showing new title for 3 players]
[04:49:58] [Server thread/INFO]: [titomh1012: Showing new subtitle for 3 players]
[04:49:58] [Server thread/INFO]: Played sound minecraft:custom.muerte to 2 players
[04:49:58] [Server thread/INFO]: Played sound minecraft:custom.muerte to 2 players
[04:49:58] [Server thread/INFO]: Played sound minecraft:custom.muerte to D3snitaSech
[04:49:58] [Server thread/INFO]: titomh1012 was shot by Skeleton
[04:50:02] [Server thread/INFO]: [RectoDePato: Changed title display times for 3 players]
[04:50:02] [Server thread/INFO]: [RectoDePato: Showing new title for 3 players]
[04:50:02] [Server thread/INFO]: [RectoDePato: Showing new subtitle for 3 players]
[04:50:02] [Server thread/INFO]: Played sound minecraft:custom.muerte to RectoDePato
[04:50:02] [Server thread/INFO]: Played sound minecraft:custom.muerte to D3snitaSech
[04:50:02] [Server thread/INFO]: Played sound minecraft:custom.muerte to titomh1012
[04:50:02] [Server thread/INFO]: RectoDePato was shot by Skeleton
[04:50:05] [Server thread/INFO]: Regenerating worlds...
[04:50:05] [Server thread/INFO]: [Fahare] Seed for the_nether is 386956015754486704
[04:50:05] [Server thread/INFO]: [ChunkHolderManager] Waiting 60s for chunk system to halt for world 'minecraft:the_nether'
[04:50:05] [Server thread/INFO]: [ChunkHolderManager] Halted chunk system for world 'minecraft:the_nether'
[04:50:05] [Server thread/INFO]: [ChunkHolderManager] Waiting 60s for chunk I/O to halt for world 'minecraft:the_nether'
[04:50:05] [Server thread/INFO]: [ChunkHolderManager] Halted I/O scheduler for world 'minecraft:the_nether'
[04:50:05] [Server thread/INFO]: [Fahare] Deleting folder ./world/dimensions/minecraft/the_nether
[04:50:05] [Server thread/INFO]: Selecting spawn point for level 'minecraft:the_nether'...
[04:50:05] [Server thread/INFO]: Loading 0 persistent chunks for level 'minecraft:the_nether'...
[04:50:05] [Server thread/INFO]: Preparing spawn area: 100%
[04:50:05] [Server thread/INFO]: Prepared spawn area in 349 ms
[04:50:05] [Server thread/INFO]: Regenerated the_nether
[04:50:05] [Server thread/INFO]: [Fahare] Seed for the_end is 7936449676083746278
[04:50:05] [Server thread/INFO]: [ChunkHolderManager] Waiting 60s for chunk system to halt for world 'minecraft:the_end'
[04:50:05] [Server thread/INFO]: [ChunkHolderManager] Halted chunk system for world 'minecraft:the_end'
[04:50:05] [Server thread/INFO]: [ChunkHolderManager] Waiting 60s for chunk I/O to halt for world 'minecraft:the_end'
[04:50:05] [Server thread/INFO]: [ChunkHolderManager] Halted I/O scheduler for world 'minecraft:the_end'
[04:50:05] [Server thread/INFO]: [Fahare] Deleting folder ./world/dimensions/minecraft/the_end
[04:50:05] [Server thread/INFO]: Selecting spawn point for level 'minecraft:the_end'...
[04:50:05] [Server thread/INFO]: Loading 0 persistent chunks for level 'minecraft:the_end'...
[04:50:05] [Server thread/INFO]: Preparing spawn area: 100%
[04:50:05] [Server thread/INFO]: Prepared spawn area in 120 ms
[04:50:05] [Server thread/INFO]: Regenerated the_end
[04:50:05] [Server thread/INFO]: [Fahare] Seed for fahare_overworld is -5151393872386737438
[04:50:05] [Server thread/INFO]: [ChunkHolderManager] Waiting 60s for chunk system to halt for world 'fahare:overworld'
[04:50:05] [Server thread/INFO]: [ChunkHolderManager] Halted chunk system for world 'fahare:overworld'
[04:50:05] [Server thread/INFO]: [ChunkHolderManager] Waiting 60s for chunk I/O to halt for world 'fahare:overworld'
[04:50:05] [Server thread/INFO]: [ChunkHolderManager] Halted I/O scheduler for world 'fahare:overworld'
[04:50:05] [Server thread/INFO]: [Fahare] Deleting folder ./world/dimensions/fahare/overworld
[04:50:05] [Server thread/INFO]: Selecting spawn point for level 'fahare:overworld'...
[04:50:07] [Async Chat Thread - #12/INFO]: [Not Secure] <D3snitaSech> XD
[04:50:08] [Async Chat Thread - #12/INFO]: [Not Secure] <D3snitaSech> XDS
[04:50:09] [Async Chat Thread - #12/INFO]: [Not Secure] <D3snitaSech> XD
[04:50:12] [Server thread/INFO]: Loading 0 persistent chunks for level 'fahare:overworld'...
[04:50:12] [Server thread/INFO]: Preparing spawn area: 100%
[04:50:12] [Server thread/INFO]: Prepared spawn area in 6692 ms
[04:50:12] [Server thread/INFO]: Regenerated fahare_overworld
[04:50:16] [Server thread/INFO]: Regenerating worlds...
[04:50:16] [Server thread/INFO]: [Fahare] Seed for the_nether is -5711950414360537466
[04:50:16] [Server thread/INFO]: [ChunkHolderManager] Waiting 60s for chunk system to halt for world 'minecraft:the_nether'
[04:50:16] [Server thread/INFO]: [ChunkHolderManager] Halted chunk system for world 'minecraft:the_nether'
[04:50:16] [Server thread/INFO]: [ChunkHolderManager] Waiting 60s for chunk I/O to halt for world 'minecraft:the_nether'
[04:50:16] [Server thread/INFO]: [ChunkHolderManager] Halted I/O scheduler for world 'minecraft:the_nether'
[04:50:16] [Server thread/INFO]: [Fahare] Deleting folder ./world/dimensions/minecraft/the_nether
[04:50:16] [Server thread/INFO]: Selecting spawn point for level 'minecraft:the_nether'...
[04:50:16] [Server thread/INFO]: Loading 0 persistent chunks for level 'minecraft:the_nether'...
[04:50:16] [Server thread/INFO]: Preparing spawn area: 100%
[04:50:16] [Server thread/INFO]: Prepared spawn area in 416 ms
[04:50:16] [Server thread/INFO]: Regenerated the_nether
[04:50:16] [Server thread/INFO]: [Fahare] Seed for the_end is 671572664479432533
[04:50:16] [Server thread/INFO]: [ChunkHolderManager] Waiting 60s for chunk system to halt for world 'minecraft:the_end'
[04:50:16] [Server thread/INFO]: [ChunkHolderManager] Halted chunk system for world 'minecraft:the_end'
[04:50:16] [Server thread/INFO]: [ChunkHolderManager] Waiting 60s for chunk I/O to halt for world 'minecraft:the_end'
[04:50:16] [Server thread/INFO]: [ChunkHolderManager] Halted I/O scheduler for world 'minecraft:the_end'
[04:50:16] [Server thread/INFO]: [Fahare] Deleting folder ./world/dimensions/minecraft/the_end
[04:50:16] [Server thread/INFO]: Selecting spawn point for level 'minecraft:the_end'...
[04:50:17] [Server thread/INFO]: Loading 0 persistent chunks for level 'minecraft:the_end'...
[04:50:17] [Server thread/INFO]: Preparing spawn area: 100%
[04:50:17] [Server thread/INFO]: Prepared spawn area in 142 ms
[04:50:17] [Server thread/INFO]: Regenerated the_end
[04:50:17] [Server thread/INFO]: [Fahare] Seed for fahare_overworld is 6634569319043365881
[04:50:17] [Server thread/INFO]: [ChunkHolderManager] Waiting 60s for chunk system to halt for world 'fahare:overworld'
[04:50:17] [Server thread/INFO]: [ChunkHolderManager] Halted chunk system for world 'fahare:overworld'
[04:50:17] [Server thread/INFO]: [ChunkHolderManager] Waiting 60s for chunk I/O to halt for world 'fahare:overworld'
[04:50:17] [Server thread/INFO]: [ChunkHolderManager] Halted I/O scheduler for world 'fahare:overworld'
[04:50:17] [Server thread/INFO]: [Fahare] Deleting folder ./world/dimensions/fahare/overworld
[04:50:17] [Server thread/INFO]: Selecting spawn point for level 'fahare:overworld'...
[04:50:23] [Server thread/INFO]: Loading 0 persistent chunks for level 'fahare:overworld'...
[04:50:23] [Server thread/INFO]: Preparing spawn area: 100%
[04:50:23] [Server thread/INFO]: Prepared spawn area in 6616 ms
[04:50:23] [Server thread/INFO]: Regenerated fahare_overworld
[04:51:13] [Server thread/INFO]: titomh1012 has made the advancement [Stone Age]
[04:51:20] [Server thread/INFO]: titomh1012 has made the advancement [Getting an Upgrade]
[04:53:25] [Server thread/INFO]: D3snitaSech has made the advancement [Stone Age]
[04:53:42] [Server thread/INFO]: D3snitaSech has made the advancement [Getting an Upgrade]
[04:54:21] [Server thread/INFO]: RectoDePato has made the advancement [Stone Age]
[04:57:18] [Server thread/INFO]: D3snitaSech has made the advancement [Acquire Hardware]
[04:57:28] [Server thread/INFO]: D3snitaSech has made the advancement [Isn't It Iron Pick]
[04:57:31] [Server thread/INFO]: RectoDePato has made the advancement [Getting an Upgrade]
[04:58:17] [Server thread/INFO]: [D3snitaSech: Changed title display times for 3 players]
[04:58:17] [Server thread/INFO]: [D3snitaSech: Showing new title for 3 players]
[04:58:17] [Server thread/INFO]: [D3snitaSech: Showing new subtitle for 3 players]
[04:58:17] [Server thread/INFO]: Played sound minecraft:custom.muerte to D3snitaSech
[04:58:17] [Server thread/INFO]: Played sound minecraft:custom.muerte to titomh1012
[04:58:17] [Server thread/INFO]: Played sound minecraft:custom.muerte to RectoDePato
[04:58:17] [Server thread/INFO]: D3snitaSech was slain by Zombie
[04:58:23] [Server thread/INFO]: Regenerating worlds...
[04:58:23] [Server thread/INFO]: [Fahare] Seed for the_nether is -4720807535101308390
[04:58:23] [Server thread/INFO]: [ChunkHolderManager] Waiting 60s for chunk system to halt for world 'minecraft:the_nether'
[04:58:23] [Server thread/INFO]: [ChunkHolderManager] Halted chunk system for world 'minecraft:the_nether'
[04:58:23] [Server thread/INFO]: [ChunkHolderManager] Waiting 60s for chunk I/O to halt for world 'minecraft:the_nether'
[04:58:23] [Server thread/INFO]: [ChunkHolderManager] Halted I/O scheduler for world 'minecraft:the_nether'
[04:58:23] [Server thread/INFO]: [Fahare] Deleting folder ./world/dimensions/minecraft/the_nether
[04:58:23] [Server thread/INFO]: Selecting spawn point for level 'minecraft:the_nether'...
[04:58:23] [Server thread/INFO]: Loading 0 persistent chunks for level 'minecraft:the_nether'...
[04:58:23] [Server thread/INFO]: Preparing spawn area: 100%
[04:58:24] [Server thread/INFO]: Prepared spawn area in 316 ms
[04:58:24] [Server thread/INFO]: Regenerated the_nether
[04:58:24] [Server thread/INFO]: [Fahare] Seed for the_end is 5421462632316789530
[04:58:24] [Server thread/INFO]: [ChunkHolderManager] Waiting 60s for chunk system to halt for world 'minecraft:the_end'
[04:58:24] [Server thread/INFO]: [ChunkHolderManager] Halted chunk system for world 'minecraft:the_end'
[04:58:24] [Server thread/INFO]: [ChunkHolderManager] Waiting 60s for chunk I/O to halt for world 'minecraft:the_end'
[04:58:24] [Server thread/INFO]: [ChunkHolderManager] Halted I/O scheduler for world 'minecraft:the_end'
[04:58:24] [Server thread/INFO]: [Fahare] Deleting folder ./world/dimensions/minecraft/the_end
[04:58:24] [Server thread/INFO]: Selecting spawn point for level 'minecraft:the_end'...
[04:58:24] [Server thread/INFO]: Loading 0 persistent chunks for level 'minecraft:the_end'...
[04:58:24] [Server thread/INFO]: Preparing spawn area: 100%
[04:58:24] [Server thread/INFO]: Prepared spawn area in 96 ms
[04:58:24] [Server thread/INFO]: Regenerated the_end
[04:58:24] [Server thread/INFO]: [Fahare] Seed for fahare_overworld is -469120109352002962
[04:58:24] [Server thread/INFO]: [ChunkHolderManager] Waiting 60s for chunk system to halt for world 'fahare:overworld'
[04:58:24] [Server thread/INFO]: [ChunkHolderManager] Halted chunk system for world 'fahare:overworld'
[04:58:24] [Server thread/INFO]: [ChunkHolderManager] Waiting 60s for chunk I/O to halt for world 'fahare:overworld'
[04:58:24] [Server thread/INFO]: [ChunkHolderManager] Halted I/O scheduler for world 'fahare:overworld'
[04:58:24] [Server thread/INFO]: [Fahare] Deleting folder ./world/dimensions/fahare/overworld
[04:58:24] [Server thread/INFO]: Selecting spawn point for level 'fahare:overworld'...
[04:58:30] [Server thread/INFO]: Loading 0 persistent chunks for level 'fahare:overworld'...
[04:58:30] [Server thread/INFO]: Preparing spawn area: 100%
[04:58:30] [Server thread/WARN]: D3snitaSech moved too quickly! 18.300177817167345,5.549100529432351,-15.135431986482997
[04:58:30] [Server thread/INFO]: Prepared spawn area in 6687 ms
[04:58:30] [Server thread/INFO]: Regenerated fahare_overworld
[04:59:35] [Server thread/INFO]: titomh1012 has made the advancement [Stone Age]
[04:59:51] [Server thread/INFO]: titomh1012 has made the advancement [Getting an Upgrade]
[05:00:24] [Server thread/INFO]: RectoDePato has made the advancement [Stone Age]
[05:00:39] [Server thread/INFO]: D3snitaSech has made the advancement [Stone Age]
[05:00:59] [Server thread/INFO]: RectoDePato has made the advancement [Getting an Upgrade]
[05:01:27] [Server thread/INFO]: D3snitaSech has made the advancement [Getting an Upgrade]
[05:02:40] [Server thread/INFO]: titomh1012 has made the advancement [Monster Hunter]
[05:04:39] [Server thread/INFO]: titomh1012 has made the advancement [Acquire Hardware]
[05:05:38] [Server thread/INFO]: titomh1012 has made the advancement [Suit Up]
[05:06:25] [Server thread/INFO]: titomh1012 has made the advancement [Not Today, Thank You]
[05:09:24] [Server thread/INFO]: [RectoDePato: Changed title display times for 3 players]
[05:09:24] [Server thread/INFO]: [RectoDePato: Showing new title for 3 players]
[05:09:24] [Server thread/INFO]: [RectoDePato: Showing new subtitle for 3 players]
[05:09:24] [Server thread/INFO]: Played sound minecraft:custom.muerte to titomh1012
[05:09:24] [Server thread/INFO]: Played sound minecraft:custom.muerte to RectoDePato
[05:09:24] [Server thread/INFO]: Played sound minecraft:custom.muerte to D3snitaSech
[05:09:24] [Server thread/INFO]: RectoDePato was shot by Skeleton
[05:09:29] [Server thread/INFO]: [titomh1012: Changed title display times for 3 players]
[05:09:29] [Server thread/INFO]: [titomh1012: Showing new title for 3 players]
[05:09:29] [Server thread/INFO]: [titomh1012: Showing new subtitle for 3 players]
[05:09:29] [Server thread/INFO]: Played sound minecraft:custom.muerte to titomh1012
[05:09:29] [Server thread/INFO]: Played sound minecraft:custom.muerte to D3snitaSech
[05:09:29] [Server thread/INFO]: Played sound minecraft:custom.muerte to RectoDePato
[05:09:29] [Server thread/INFO]: titomh1012 was slain by Zombie
[05:09:31] [Server thread/INFO]: Regenerating worlds...
[05:09:31] [Server thread/INFO]: [Fahare] Seed for the_nether is -1080309280684160346
[05:09:31] [Server thread/INFO]: [ChunkHolderManager] Waiting 60s for chunk system to halt for world 'minecraft:the_nether'
[05:09:31] [Server thread/INFO]: [ChunkHolderManager] Halted chunk system for world 'minecraft:the_nether'
[05:09:31] [Server thread/INFO]: [ChunkHolderManager] Waiting 60s for chunk I/O to halt for world 'minecraft:the_nether'
[05:09:31] [Server thread/INFO]: [ChunkHolderManager] Halted I/O scheduler for world 'minecraft:the_nether'
[05:09:31] [Server thread/INFO]: [Fahare] Deleting folder ./world/dimensions/minecraft/the_nether
[05:09:31] [Server thread/INFO]: Selecting spawn point for level 'minecraft:the_nether'...
[05:09:31] [Server thread/INFO]: Loading 0 persistent chunks for level 'minecraft:the_nether'...
[05:09:31] [Server thread/INFO]: Preparing spawn area: 100%
[05:09:31] [Server thread/INFO]: Prepared spawn area in 363 ms
[05:09:31] [Server thread/INFO]: Regenerated the_nether
[05:09:31] [Server thread/INFO]: [Fahare] Seed for the_end is -7689385521502654096
[05:09:31] [Server thread/INFO]: [ChunkHolderManager] Waiting 60s for chunk system to halt for world 'minecraft:the_end'
[05:09:31] [Server thread/INFO]: [ChunkHolderManager] Halted chunk system for world 'minecraft:the_end'
[05:09:31] [Server thread/INFO]: [ChunkHolderManager] Waiting 60s for chunk I/O to halt for world 'minecraft:the_end'
[05:09:31] [Server thread/INFO]: [ChunkHolderManager] Halted I/O scheduler for world 'minecraft:the_end'
[05:09:31] [Server thread/INFO]: [Fahare] Deleting folder ./world/dimensions/minecraft/the_end
[05:09:31] [Server thread/INFO]: Selecting spawn point for level 'minecraft:the_end'...
[05:09:31] [Server thread/INFO]: Loading 0 persistent chunks for level 'minecraft:the_end'...
[05:09:31] [Server thread/INFO]: Preparing spawn area: 100%
[05:09:31] [Server thread/INFO]: Prepared spawn area in 96 ms
[05:09:31] [Server thread/INFO]: Regenerated the_end
[05:09:31] [Server thread/INFO]: [Fahare] Seed for fahare_overworld is -8935510026767169521
[05:09:31] [Server thread/INFO]: [ChunkHolderManager] Waiting 60s for chunk system to halt for world 'fahare:overworld'
[05:09:31] [Server thread/INFO]: [ChunkHolderManager] Halted chunk system for world 'fahare:overworld'
[05:09:31] [Server thread/INFO]: [ChunkHolderManager] Waiting 60s for chunk I/O to halt for world 'fahare:overworld'
[05:09:31] [Server thread/INFO]: [ChunkHolderManager] Halted I/O scheduler for world 'fahare:overworld'
[05:09:31] [Server thread/INFO]: [Fahare] Deleting folder ./world/dimensions/fahare/overworld
[05:09:31] [Server thread/INFO]: Selecting spawn point for level 'fahare:overworld'...
[05:09:38] [Server thread/INFO]: Loading 0 persistent chunks for level 'fahare:overworld'...
[05:09:38] [Server thread/INFO]: Preparing spawn area: 100%
[05:09:38] [Server thread/WARN]: D3snitaSech moved too quickly! 8.93970821358689,1.1014574261679684,13.592696596077317
[05:09:38] [Server thread/INFO]: Prepared spawn area in 6919 ms
[05:09:38] [Server thread/INFO]: Regenerated fahare_overworld
[05:09:43] [Server thread/INFO]: Regenerating worlds...
[05:09:43] [Server thread/INFO]: [Fahare] Seed for the_nether is 1795332160465261850
[05:09:43] [Server thread/INFO]: [ChunkHolderManager] Waiting 60s for chunk system to halt for world 'minecraft:the_nether'
[05:09:43] [Server thread/INFO]: [ChunkHolderManager] Halted chunk system for world 'minecraft:the_nether'
[05:09:43] [Server thread/INFO]: [ChunkHolderManager] Waiting 60s for chunk I/O to halt for world 'minecraft:the_nether'
[05:09:43] [Server thread/INFO]: [ChunkHolderManager] Halted I/O scheduler for world 'minecraft:the_nether'
[05:09:44] [Server thread/INFO]: [Fahare] Deleting folder ./world/dimensions/minecraft/the_nether
[05:09:44] [Server thread/INFO]: Selecting spawn point for level 'minecraft:the_nether'...
[05:09:44] [Server thread/INFO]: Loading 0 persistent chunks for level 'minecraft:the_nether'...
[05:09:44] [Server thread/INFO]: Preparing spawn area: 100%
[05:09:44] [Server thread/INFO]: Prepared spawn area in 324 ms
[05:09:44] [Server thread/INFO]: Regenerated the_nether
[05:09:44] [Server thread/INFO]: [Fahare] Seed for the_end is -5612214172348975729
[05:09:44] [Server thread/INFO]: [ChunkHolderManager] Waiting 60s for chunk system to halt for world 'minecraft:the_end'
[05:09:44] [Server thread/INFO]: [ChunkHolderManager] Halted chunk system for world 'minecraft:the_end'
[05:09:44] [Server thread/INFO]: [ChunkHolderManager] Waiting 60s for chunk I/O to halt for world 'minecraft:the_end'
[05:09:44] [Server thread/INFO]: [ChunkHolderManager] Halted I/O scheduler for world 'minecraft:the_end'
[05:09:44] [Server thread/INFO]: [Fahare] Deleting folder ./world/dimensions/minecraft/the_end
[05:09:44] [Server thread/INFO]: Selecting spawn point for level 'minecraft:the_end'...
[05:09:44] [Server thread/INFO]: Loading 0 persistent chunks for level 'minecraft:the_end'...
[05:09:44] [Server thread/INFO]: Preparing spawn area: 100%
[05:09:44] [Server thread/INFO]: Prepared spawn area in 97 ms
[05:09:44] [Server thread/INFO]: Regenerated the_end
[05:09:44] [Server thread/INFO]: [Fahare] Seed for fahare_overworld is 1535795965933278830
[05:09:44] [Server thread/INFO]: [ChunkHolderManager] Waiting 60s for chunk system to halt for world 'fahare:overworld'
[05:09:44] [Server thread/INFO]: [ChunkHolderManager] Halted chunk system for world 'fahare:overworld'
[05:09:44] [Server thread/INFO]: [ChunkHolderManager] Waiting 60s for chunk I/O to halt for world 'fahare:overworld'
[05:09:44] [Server thread/INFO]: [ChunkHolderManager] Halted I/O scheduler for world 'fahare:overworld'
[05:09:44] [Server thread/INFO]: [Fahare] Deleting folder ./world/dimensions/fahare/overworld
[05:09:44] [Server thread/INFO]: Selecting spawn point for level 'fahare:overworld'...
[05:09:51] [Server thread/INFO]: Loading 0 persistent chunks for level 'fahare:overworld'...
[05:09:51] [Server thread/INFO]: Preparing spawn area: 100%
[05:09:51] [Server thread/INFO]: Prepared spawn area in 6876 ms
[05:09:51] [Server thread/INFO]: Regenerated fahare_overworld
[05:11:32] [Server thread/INFO]: RectoDePato has made the advancement [Stone Age]
[05:11:50] [Server thread/INFO]: titomh1012 has made the advancement [Stone Age]
[05:11:59] [Server thread/INFO]: RectoDePato has made the advancement [Getting an Upgrade]
[05:12:03] [Server thread/INFO]: titomh1012 has made the advancement [Getting an Upgrade]
[05:12:41] [Server thread/INFO]: titomh1012 has made the advancement [Monster Hunter]
[05:12:46] [Server thread/INFO]: D3snitaSech has made the advancement [Stone Age]
[05:12:53] [Server thread/INFO]: D3snitaSech has made the advancement [Getting an Upgrade]
[05:14:12] [Server thread/INFO]: D3snitaSech has made the advancement [Acquire Hardware]
[05:17:03] [Server thread/INFO]: titomh1012 has made the advancement [Acquire Hardware]
[05:20:01] [Server thread/INFO]: titomh1012 has made the advancement [Suit Up]
[05:21:13] [Server thread/INFO]: D3snitaSech has made the advancement [Not Today, Thank You]
[05:21:17] [Server thread/INFO]: D3snitaSech has made the advancement [Monster Hunter]
[05:21:18] [Server thread/INFO]: titomh1012 has made the advancement [Not Today, Thank You]
[05:23:27] [Server thread/INFO]: D3snitaSech has made the advancement [Isn't It Iron Pick]
[05:23:42] [Server thread/INFO]: D3snitaSech has made the advancement [Suit Up]
[05:27:08] [Server thread/INFO]: RectoDePato has made the advancement [Monster Hunter]
[05:30:13] [Server thread/INFO]: titomh1012 has made the advancement [Isn't It Iron Pick]
[05:31:57] [Server thread/INFO]: D3snitaSech has made the advancement [Diamonds!]
[05:32:50] [Server thread/INFO]: D3snitaSech has made the advancement [Cover Me with Diamonds]
[05:34:12] [Server thread/INFO]: [D3snitaSech: Changed title display times for 3 players]
[05:34:12] [Server thread/INFO]: [D3snitaSech: Showing new title for 3 players]
[05:34:12] [Server thread/INFO]: [D3snitaSech: Showing new subtitle for 3 players]
[05:34:12] [Server thread/INFO]: Played sound minecraft:custom.muerte to D3snitaSech
[05:34:12] [Server thread/INFO]: Played sound minecraft:custom.muerte to RectoDePato
[05:34:12] [Server thread/INFO]: Played sound minecraft:custom.muerte to titomh1012
[05:34:12] [Server thread/INFO]: D3snitaSech was slain by Zombie
[05:34:18] [Server thread/INFO]: Regenerating worlds...
[05:34:18] [Server thread/INFO]: [Fahare] Seed for the_nether is -5666250235121635969
[05:34:19] [Server thread/INFO]: [ChunkHolderManager] Waiting 60s for chunk system to halt for world 'minecraft:the_nether'
[05:34:19] [Server thread/INFO]: [ChunkHolderManager] Halted chunk system for world 'minecraft:the_nether'
[05:34:19] [Server thread/INFO]: [ChunkHolderManager] Waiting 60s for chunk I/O to halt for world 'minecraft:the_nether'
[05:34:19] [Server thread/INFO]: [ChunkHolderManager] Halted I/O scheduler for world 'minecraft:the_nether'
[05:34:19] [Server thread/INFO]: [Fahare] Deleting folder ./world/dimensions/minecraft/the_nether
[05:34:19] [Server thread/INFO]: Selecting spawn point for level 'minecraft:the_nether'...
[05:34:19] [Server thread/INFO]: Loading 0 persistent chunks for level 'minecraft:the_nether'...
[05:34:19] [Server thread/INFO]: Preparing spawn area: 100%
[05:34:19] [Server thread/INFO]: Prepared spawn area in 355 ms
[05:34:19] [Server thread/INFO]: Regenerated the_nether
[05:34:19] [Server thread/INFO]: [Fahare] Seed for the_end is -5870609996932876561
[05:34:19] [Server thread/INFO]: [ChunkHolderManager] Waiting 60s for chunk system to halt for world 'minecraft:the_end'
[05:34:19] [Server thread/INFO]: [ChunkHolderManager] Halted chunk system for world 'minecraft:the_end'
[05:34:19] [Server thread/INFO]: [ChunkHolderManager] Waiting 60s for chunk I/O to halt for world 'minecraft:the_end'
[05:34:19] [Server thread/INFO]: [ChunkHolderManager] Halted I/O scheduler for world 'minecraft:the_end'
[05:34:19] [Server thread/INFO]: [Fahare] Deleting folder ./world/dimensions/minecraft/the_end
[05:34:19] [Server thread/INFO]: Selecting spawn point for level 'minecraft:the_end'...
[05:34:19] [Server thread/INFO]: Loading 0 persistent chunks for level 'minecraft:the_end'...
[05:34:19] [Server thread/INFO]: Preparing spawn area: 100%
[05:34:19] [Server thread/INFO]: Prepared spawn area in 107 ms
[05:34:19] [Server thread/INFO]: Regenerated the_end
[05:34:19] [Server thread/INFO]: [Fahare] Seed for fahare_overworld is 5578285602620548840
[05:34:19] [Server thread/INFO]: [ChunkHolderManager] Waiting 60s for chunk system to halt for world 'fahare:overworld'
[05:34:19] [Server thread/INFO]: [ChunkHolderManager] Halted chunk system for world 'fahare:overworld'
[05:34:19] [Server thread/INFO]: [ChunkHolderManager] Waiting 60s for chunk I/O to halt for world 'fahare:overworld'
[05:34:19] [Server thread/INFO]: [ChunkHolderManager] Halted I/O scheduler for world 'fahare:overworld'
[05:34:19] [Server thread/INFO]: [Fahare] Deleting folder ./world/dimensions/fahare/overworld
[05:34:19] [Server thread/INFO]: Selecting spawn point for level 'fahare:overworld'...
[05:34:26] [Server thread/INFO]: Loading 0 persistent chunks for level 'fahare:overworld'...
[05:34:26] [Server thread/INFO]: Preparing spawn area: 100%
[05:34:26] [Server thread/INFO]: Prepared spawn area in 6709 ms
[05:34:26] [Server thread/INFO]: Regenerated fahare_overworld
[05:34:34] [Server thread/INFO]: D3snitaSech lost connection: Disconnected
[05:34:34] [Server thread/INFO]: D3snitaSech left the game
[05:34:47] [User Authenticator #5/INFO]: UUID of player D3snitaSech is 27a0e9ed-675f-3312-9be1-d866e0fa904f
[05:34:48] [Server thread/INFO]: D3snitaSech joined the game
[05:34:48] [Server thread/INFO]: D3snitaSech[/100.109.137.4:56496] logged in with entity id 43124 at ([fahare:overworld]-66.21592690406425, 71.17675927506424, 3.5093158335274883)
[05:39:59] [Server thread/INFO]: RectoDePato has made the advancement [Stone Age]
[05:40:05] [Server thread/INFO]: RectoDePato has made the advancement [Getting an Upgrade]
[05:40:32] [Server thread/INFO]: D3snitaSech has made the advancement [Stone Age]
[05:40:39] [Server thread/INFO]: titomh1012 has made the advancement [Stone Age]
[05:40:43] [Server thread/INFO]: D3snitaSech has made the advancement [Getting an Upgrade]
[05:40:49] [Server thread/INFO]: titomh1012 has made the advancement [Getting an Upgrade]
[05:47:01] [Server thread/INFO]: titomh1012 has made the advancement [Monster Hunter]
[05:49:25] [Server thread/INFO]: RectoDePato has made the advancement [Acquire Hardware]
[05:50:04] [Server thread/INFO]: RectoDePato has made the advancement [Suit Up]
[05:51:02] [Server thread/INFO]: RectoDePato has made the advancement [Isn't It Iron Pick]
[05:51:08] [Server thread/INFO]: D3snitaSech has made the advancement [Acquire Hardware]
[05:51:20] [Server thread/INFO]: D3snitaSech has made the advancement [Isn't It Iron Pick]
[05:52:55] [Server thread/INFO]: D3snitaSech has made the advancement [Diamonds!]
[05:53:15] [Server thread/INFO]: D3snitaSech has made the advancement [Not Today, Thank You]
[05:53:32] [Server thread/INFO]: RectoDePato has made the advancement [Not Today, Thank You]
[05:56:16] [Server thread/INFO]: D3snitaSech has made the advancement [Suit Up]
[05:59:45] [Server thread/INFO]: D3snitaSech has made the advancement [Cover Me with Diamonds]
[06:00:56] [Server thread/INFO]: RectoDePato has made the advancement [Monster Hunter]
[06:01:10] [Server thread/INFO]: D3snitaSech has made the advancement [Monster Hunter]
[06:03:32] [Server thread/INFO]: RectoDePato has made the advancement [Diamonds!]
[06:09:24] [Server thread/INFO]: RectoDePato has made the advancement [Cover Me with Diamonds]
[06:09:46] [Server thread/INFO]: titomh1012 has made the advancement [Acquire Hardware]
[06:10:04] [Server thread/INFO]: titomh1012 has made the advancement [Suit Up]
[06:11:21] [Server thread/INFO]: titomh1012 has made the advancement [Isn't It Iron Pick]
[06:13:33] [Server thread/INFO]: titomh1012 has made the advancement [Not Today, Thank You]
[06:14:32] [Server thread/INFO]: D3snitaSech has made the advancement [Ice Bucket Challenge]
[06:19:50] [Server thread/INFO]: Villager Villager['Villager'/62794, uuid='fe150222-19ac-4ed2-939a-f1f27d7991bd', l='ServerLevel[world]', x=814.72, y=80.00, z=877.63, cpos=[50, 54], tl=191, v=true] died, message: 'Villager suffocated in a wall'
[06:25:07] [Server thread/INFO]: RectoDePato has made the advancement [Sweet Dreams]
[06:25:07] [Server thread/INFO]: titomh1012 has made the advancement [Sweet Dreams]
[06:25:10] [Server thread/INFO]: D3snitaSech has made the advancement [Sweet Dreams]
